{
 "documents": 30,
 "rows": 3004,
 "chosen": {
  "c3-0094": "wild-v5-r5",
  "c3-0128": "wild-v5-r5",
  "c3-0252": "wild-v4-runin",
  "c3-0429": "wild-v2",
  "c3-0437": "wild-v2",
  "c3-0489": "wild-v4-runin",
  "c3-0650": "wild-v4-runin",
  "c3-0794": "wild-v4-runin",
  "c3-0825": "wild-v2",
  "c3-0827": "wild-v2",
  "c3-0030": "wild-r3",
  "c3-0178": "wild-v4-runin",
  "c3-0268": "wild-v4-runin",
  "c3-0282": "wild-r3",
  "c3-0299": "wild-v4-runin",
  "c3-0321": "wild-r3",
  "c3-0368": "wild-r3",
  "c3-0435": "wild-r3",
  "c3-0441": "wild-r3",
  "c3-0507": "wild-v4-runin",
  "c3-0533": "wild-r3",
  "c3-0565": "wild-r3",
  "c3-0722": "wild-r3",
  "c3-0737": "wild-r3",
  "c3-0755": "wild-v4-runin",
  "c3-0766": "wild-r3",
  "c3-0833": "wild-r3",
  "c3-0869": "wild-r3",
  "c3-0880": "wild-r3",
  "c3-0931": "wild-r3"
 },
 "sha256": "009572a664bcd1d2daf5843eaf9a440dba64e43dd9166a4795f999c6aa4799a9",
 "fold_cards": "out/labels/wild-23-cards-runin.jsonl"
}
